136 INFO: PyInstaller: 6.20.0, contrib hooks: 2026.4
136 INFO: Python: 3.14.4
165 INFO: Platform: Windows-11-10.0.26200-SP0
165 INFO: Python environment: C:\Users\tsmit\AppData\Local\Python\pythoncore-3.14-64
165 INFO: wrote C:\Users\tsmit\realai\RealAIProvider.spec
169 INFO: Removing temporary files and cleaning cache in C:\Users\tsmit\AppData\Local\pyinstaller
170 INFO: Module search paths (PYTHONPATH):
['C:\\Users\\tsmit\\realai',
 'C:\\Users\\tsmit\\realai\\src',
 'C:\\Users\\tsmit\\AppData\\Local\\Python\\pythoncore-3.14-64\\python314.zip',
 'C:\\Users\\tsmit\\AppData\\Local\\Python\\pythoncore-3.14-64\\DLLs',
 'C:\\Users\\tsmit\\AppData\\Local\\Python\\pythoncore-3.14-64\\Lib',
 'C:\\Users\\tsmit\\AppData\\Local\\Python\\pythoncore-3.14-64',
 'C:\\Users\\tsmit\\AppData\\Roaming\\Python\\Python314\\site-packages',
 'C:\\Users\\tsmit\\AppData\\Roaming\\Python\\Python314\\site-packages\\win32',
 'C:\\Users\\tsmit\\AppData\\Roaming\\Python\\Python314\\site-packages\\win32\\lib',
 'C:\\Users\\tsmit\\AppData\\Roaming\\Python\\Python314\\site-packages\\Pythonwin',
 'C:\\Users\\tsmit\\AppData\\Local\\Python\\pythoncore-3.14-64\\Lib\\site-packages',
 'C:\\Users\\tsmit\\realai']
714 INFO: checking Analysis
715 INFO: Building Analysis because Analysis-00.toc is non existent
715 INFO: Looking for Python shared library...
715 INFO: Using Python shared library: C:\Users\tsmit\AppData\Local\Python\pythoncore-3.14-64\python314.dll
715 INFO: Running Analysis Analysis-00.toc
715 INFO: Target bytecode optimization level: 0
715 INFO: Initializing module dependency graph...
716 INFO: Initializing module graph hook caches...
729 INFO: Analyzing modules for base_library.zip ...
4969 INFO: Processing standard module hook 'hook-encodings.py' from 'C:\\Users\\tsmit\\AppData\\Roaming\\Python\\Python314\\site-packages\\PyInstaller\\hooks'
5789 INFO: Processing standard module hook 'hook-pickle.py' from 'C:\\Users\\tsmit\\AppData\\Roaming\\Python\\Python314\\site-packages\\PyInstaller\\hooks'
6449 INFO: Processing standard module hook 'hook-difflib.py' from 'C:\\Users\\tsmit\\AppData\\Roaming\\Python\\Python314\\site-packages\\PyInstaller\\hooks'
6470 INFO: Processing standard module hook 'hook-heapq.py' from 'C:\\Users\\tsmit\\AppData\\Roaming\\Python\\Python314\\site-packages\\PyInstaller\\hooks'
10811 INFO: Caching module dependency graph...
10871 INFO: Analyzing C:\Users\tsmit\realai\realai\provider.py
11153 INFO: Processing standard module hook 'hook-anyio.py' from 'C:\\Users\\tsmit\\AppData\\Roaming\\Python\\Python314\\site-packages\\_pyinstaller_hooks_contrib\\stdhooks'
12847 INFO: Processing pre-safe-import-module hook 'hook-typing_extensions.py' from 'C:\\Users\\tsmit\\AppData\\Roaming\\Python\\Python314\\site-packages\\PyInstaller\\hooks\\pre_safe_import_module'
12848 INFO: SetuptoolsInfo: initializing cached setuptools info...
14092 INFO: Processing standard module hook 'hook-multiprocessing.util.py' from 'C:\\Users\\tsmit\\AppData\\Roaming\\Python\\Python314\\site-packages\\PyInstaller\\hooks'
14251 INFO: Processing standard module hook 'hook-xml.py' from 'C:\\Users\\tsmit\\AppData\\Roaming\\Python\\Python314\\site-packages\\PyInstaller\\hooks'
14659 INFO: Processing standard module hook 'hook-sysconfig.py' from 'C:\\Users\\tsmit\\AppData\\Roaming\\Python\\Python314\\site-packages\\PyInstaller\\hooks'
14667 INFO: Processing standard module hook 'hook-_ctypes.py' from 'C:\\Users\\tsmit\\AppData\\Roaming\\Python\\Python314\\site-packages\\PyInstaller\\hooks'
16244 INFO: Processing standard module hook 'hook-pydantic.py' from 'C:\\Users\\tsmit\\AppData\\Roaming\\Python\\Python314\\site-packages\\_pyinstaller_hooks_contrib\\stdhooks'
17117 INFO: Processing standard module hook 'hook-platform.py' from 'C:\\Users\\tsmit\\AppData\\Roaming\\Python\\Python314\\site-packages\\PyInstaller\\hooks'
17569 INFO: Processing standard module hook 'hook-rich.py' from 'C:\\Users\\tsmit\\AppData\\Roaming\\Python\\Python314\\site-packages\\_pyinstaller_hooks_contrib\\stdhooks'
19823 INFO: Processing standard module hook 'hook-pygments.py' from 'C:\\Users\\tsmit\\AppData\\Roaming\\Python\\Python314\\site-packages\\PyInstaller\\hooks'
27513 INFO: Processing standard module hook 'hook-zoneinfo.py' from 'C:\\Users\\tsmit\\AppData\\Roaming\\Python\\Python314\\site-packages\\_pyinstaller_hooks_contrib\\stdhooks'
30322 INFO: Processing standard module hook 'hook-uvicorn.py' from 'C:\\Users\\tsmit\\AppData\\Roaming\\Python\\Python314\\site-packages\\_pyinstaller_hooks_contrib\\stdhooks'
32237 INFO: Processing pre-safe-import-module hook 'hook-importlib_metadata.py' from 'C:\\Users\\tsmit\\AppData\\Roaming\\Python\\Python314\\site-packages\\PyInstaller\\hooks\\pre_safe_import_module'
32282 INFO: Processing standard module hook 'hook-importlib_metadata.py' from 'C:\\Users\\tsmit\\AppData\\Roaming\\Python\\Python314\\site-packages\\PyInstaller\\hooks'
32315 INFO: Processing pre-safe-import-module hook 'hook-zipp.py' from 'C:\\Users\\tsmit\\AppData\\Roaming\\Python\\Python314\\site-packages\\PyInstaller\\hooks\\pre_safe_import_module'
32950 INFO: Processing standard module hook 'hook-websockets.py' from 'C:\\Users\\tsmit\\AppData\\Roaming\\Python\\Python314\\site-packages\\_pyinstaller_hooks_contrib\\stdhooks'
34543 INFO: Processing standard module hook 'hook-cryptography.py' from 'C:\\Users\\tsmit\\AppData\\Roaming\\Python\\Python314\\site-packages\\_pyinstaller_hooks_contrib\\stdhooks'
38835 INFO: hook-cryptography: cryptography does not seem to be using dynamically linked OpenSSL.
39515 INFO: Processing standard module hook 'hook-bcrypt.py' from 'C:\\Users\\tsmit\\AppData\\Roaming\\Python\\Python314\\site-packages\\_pyinstaller_hooks_contrib\\stdhooks'
41006 INFO: Processing standard module hook 'hook-certifi.py' from 'C:\\Users\\tsmit\\AppData\\Roaming\\Python\\Python314\\site-packages\\_pyinstaller_hooks_contrib\\stdhooks'
41858 INFO: Processing standard module hook 'hook-pandas.py' from 'C:\\Users\\tsmit\\AppData\\Roaming\\Python\\Python314\\site-packages\\PyInstaller\\hooks'
44356 INFO: Processing standard module hook 'hook-numpy.py' from 'C:\\Users\\tsmit\\AppData\\Roaming\\Python\\Python314\\site-packages\\PyInstaller\\hooks'
46459 INFO: Processing standard module hook 'hook-psutil.py' from 'C:\\Users\\tsmit\\AppData\\Roaming\\Python\\Python314\\site-packages\\_pyinstaller_hooks_contrib\\stdhooks'
48461 INFO: Processing standard module hook 'hook-charset_normalizer.py' from 'C:\\Users\\tsmit\\AppData\\Roaming\\Python\\Python314\\site-packages\\_pyinstaller_hooks_contrib\\stdhooks'
52295 INFO: Processing standard module hook 'hook-pandas.io.formats.style.py' from 'C:\\Users\\tsmit\\AppData\\Roaming\\Python\\Python314\\site-packages\\PyInstaller\\hooks'
57084 INFO: Processing standard module hook 'hook-pandas.plotting.py' from 'C:\\Users\\tsmit\\AppData\\Roaming\\Python\\Python314\\site-packages\\PyInstaller\\hooks'
58036 INFO: Processing standard module hook 'hook-dateutil.py' from 'C:\\Users\\tsmit\\AppData\\Roaming\\Python\\Python314\\site-packages\\_pyinstaller_hooks_contrib\\stdhooks'
58293 INFO: Processing pre-safe-import-module hook 'hook-six.moves.py' from 'C:\\Users\\tsmit\\AppData\\Roaming\\Python\\Python314\\site-packages\\PyInstaller\\hooks\\pre_safe_import_module'
58761 INFO: Processing standard module hook 'hook-botocore.py' from 'C:\\Users\\tsmit\\AppData\\Roaming\\Python\\Python314\\site-packages\\_pyinstaller_hooks_contrib\\stdhooks'
62719 INFO: Processing standard module hook 'hook-sqlite3.py' from 'C:\\Users\\tsmit\\AppData\\Roaming\\Python\\Python314\\site-packages\\PyInstaller\\hooks'
63199 INFO: Processing standard module hook 'hook-pandas.io.clipboard.py' from 'C:\\Users\\tsmit\\AppData\\Roaming\\Python\\Python314\\site-packages\\PyInstaller\\hooks'
63355 INFO: Processing standard module hook 'hook-fsspec.py' from 'C:\\Users\\tsmit\\AppData\\Roaming\\Python\\Python314\\site-packages\\_pyinstaller_hooks_contrib\\stdhooks'
64281 INFO: Processing pre-safe-import-module hook 'hook-backports.py' from 'C:\\Users\\tsmit\\AppData\\Roaming\\Python\\Python314\\site-packages\\PyInstaller\\hooks\\pre_safe_import_module'
64282 INFO: Setuptools: 'backports' appears to be a full setuptools-vendored copy - creating alias to 'setuptools._vendor.backports'!
64292 INFO: Processing standard module hook 'hook-setuptools.py' from 'C:\\Users\\tsmit\\AppData\\Roaming\\Python\\Python314\\site-packages\\PyInstaller\\hooks'
64315 INFO: Processing pre-safe-import-module hook 'hook-distutils.py' from 'C:\\Users\\tsmit\\AppData\\Roaming\\Python\\Python314\\site-packages\\PyInstaller\\hooks\\pre_safe_import_module'
64365 INFO: Processing pre-safe-import-module hook 'hook-jaraco.py' from 'C:\\Users\\tsmit\\AppData\\Roaming\\Python\\Python314\\site-packages\\PyInstaller\\hooks\\pre_safe_import_module'
64366 INFO: Setuptools: 'jaraco' appears to be a full setuptools-vendored copy - creating alias to 'setuptools._vendor.jaraco'!
64383 INFO: Processing pre-safe-import-module hook 'hook-more_itertools.py' from 'C:\\Users\\tsmit\\AppData\\Roaming\\Python\\Python314\\site-packages\\PyInstaller\\hooks\\pre_safe_import_module'
64384 INFO: Setuptools: 'more_itertools' appears to be a setuptools-vendored copy - creating alias to 'setuptools._vendor.more_itertools'!
64795 INFO: Processing pre-safe-import-module hook 'hook-packaging.py' from 'C:\\Users\\tsmit\\AppData\\Roaming\\Python\\Python314\\site-packages\\PyInstaller\\hooks\\pre_safe_import_module'
65190 INFO: Processing standard module hook 'hook-setuptools._vendor.jaraco.text.py' from 'C:\\Users\\tsmit\\AppData\\Roaming\\Python\\Python314\\site-packages\\PyInstaller\\hooks'
65191 INFO: Processing pre-safe-import-module hook 'hook-importlib_resources.py' from 'C:\\Users\\tsmit\\AppData\\Roaming\\Python\\Python314\\site-packages\\PyInstaller\\hooks\\pre_safe_import_module'
65193 INFO: Processing standard module hook 'hook-importlib_resources.py' from 'C:\\Users\\tsmit\\AppData\\Roaming\\Python\\Python314\\site-packages\\PyInstaller\\hooks'
65861 INFO: Processing pre-safe-import-module hook 'hook-tomli.py' from 'C:\\Users\\tsmit\\AppData\\Roaming\\Python\\Python314\\site-packages\\PyInstaller\\hooks\\pre_safe_import_module'
65861 INFO: Setuptools: 'tomli' appears to be a setuptools-vendored copy - creating alias to 'setuptools._vendor.tomli'!
66772 INFO: Processing pre-safe-import-module hook 'hook-wheel.py' from 'C:\\Users\\tsmit\\AppData\\Roaming\\Python\\Python314\\site-packages\\PyInstaller\\hooks\\pre_safe_import_module'
66773 INFO: Setuptools: 'wheel' appears to be a setuptools-vendored copy - creating alias to 'setuptools._vendor.wheel'!
67006 INFO: Processing standard module hook 'hook-xml.etree.cElementTree.py' from 'C:\\Users\\tsmit\\AppData\\Roaming\\Python\\Python314\\site-packages\\PyInstaller\\hooks'
67022 INFO: Processing standard module hook 'hook-xml.dom.domreg.py' from 'C:\\Users\\tsmit\\AppData\\Roaming\\Python\\Python314\\site-packages\\PyInstaller\\hooks'
67783 INFO: Processing standard module hook 'hook-pytest.py' from 'C:\\Users\\tsmit\\AppData\\Roaming\\Python\\Python314\\site-packages\\_pyinstaller_hooks_contrib\\stdhooks'
68220 INFO: Processing standard module hook 'hook-py.py' from 'C:\\Users\\tsmit\\AppData\\Roaming\\Python\\Python314\\site-packages\\_pyinstaller_hooks_contrib\\stdhooks'
71417 INFO: Processing standard module hook 'hook-pkg_resources.py' from 'C:\\Users\\tsmit\\AppData\\Roaming\\Python\\Python314\\site-packages\\PyInstaller\\hooks'
71904 INFO: Processing pre-safe-import-module hook 'hook-platformdirs.py' from 'C:\\Users\\tsmit\\AppData\\Roaming\\Python\\Python314\\site-packages\\PyInstaller\\hooks\\pre_safe_import_module'
71904 INFO: Setuptools: 'platformdirs' appears to be a setuptools-vendored copy - creating alias to 'setuptools._vendor.platformdirs'!
74776 INFO: Processing standard module hook 'hook-PIL.py' from 'C:\\Users\\tsmit\\AppData\\Roaming\\Python\\Python314\\site-packages\\PyInstaller\\hooks'
75002 INFO: Processing standard module hook 'hook-PIL.Image.py' from 'C:\\Users\\tsmit\\AppData\\Roaming\\Python\\Python314\\site-packages\\PyInstaller\\hooks'
75964 INFO: Processing standard module hook 'hook-PIL.ImageFilter.py' from 'C:\\Users\\tsmit\\AppData\\Roaming\\Python\\Python314\\site-packages\\PyInstaller\\hooks'
77840 INFO: Processing standard module hook 'hook-jinja2.py' from 'C:\\Users\\tsmit\\AppData\\Roaming\\Python\\Python314\\site-packages\\_pyinstaller_hooks_contrib\\stdhooks'
78945 INFO: Processing standard module hook 'hook-torch.py' from 'C:\\Users\\tsmit\\AppData\\Roaming\\Python\\Python314\\site-packages\\_pyinstaller_hooks_contrib\\stdhooks'
1578 WARNING: Failed to collect submodules for 'torch.utils.tensorboard' because importing 'torch.utils.tensorboard' raised: ModuleNotFoundError: No module named 'tensorboard'
C:\Users\tsmit\AppData\Roaming\Python\Python314\site-packages\PyInstaller\utils\hooks\__init__.py:665: DeprecationWarning: `torch.distributed._sharding_spec` will be deprecated, use `torch.distributed._shard.sharding_spec` instead
  __import__(name)
C:\Users\tsmit\AppData\Roaming\Python\Python314\site-packages\PyInstaller\utils\hooks\__init__.py:665: DeprecationWarning: `torch.distributed._sharded_tensor` will be deprecated, use `torch.distributed._shard.sharded_tensor` instead
  __import__(name)
C:\Users\tsmit\AppData\Roaming\Python\Python314\site-packages\PyInstaller\utils\hooks\__init__.py:665: DeprecationWarning: `torch.distributed._shard.checkpoint` will be deprecated, use `torch.distributed.checkpoint` instead
  __import__(name)
92210 INFO: hook-torch: this torch build does not depend on MKL...
